[    0.000000] Initializing cgroup subsys cpuset
[    0000] Initialing cgroup subsys cpu
[   000000 Itialincgroup subsys cpuacct
[    0.000000] Linux version 4.4.0-45-generic (buildd@lgw01-34) (gcc version .40 260609Ubuntu 5.4.0-6ubuntu1~16.04.2) ) #66-Ubuntu SMP Wed Oct 19 14:12:37 UTC 2016 (Ubuntu 4.4.0-45.66-generic 4.4.21)
[    0.000000] Command line: BOOT_IMAGE=/boot/vmlinuz-4.4.0-45-generic root=LABEL=cloudimg-ootfs ro console=tty1 console=ttyS0
[    0.000000] KERNEL supported cpus:
[    0.00000]   Intel GenuineIntel
[    0.000000]   AMD AuthenticAMD
   0.000000]   Centar enurHauls
[    0.000000] x86/fpu: xstate_offset[2]:  576, xstate_sizes[2]:  256
[   000000] x86/fpu: Supporting XSAVE feature 0x01: 'x87 floating point regte'
[    0.000000] x86/fpu: Supporting XSAVE feature 0x02: 'SSE registers'
[   0.00000] x86/fp: Supporting XSAVE feature 0x04: 'AVX registers'
[    0.000000] x86/fpu: Enabled xstate features 0x7, context size is 832 bytes, using 'standard' format.
[    0.000000] x86/fpu: Using 'lazy' FPU context switches.
[    0.000000] e820: BIOS-provided physical RAM map:
[    0.000000] BIOS-e80:me 0x00000000000000x000000000009fbff] usable
[    0.000000] BIOS-e820: [mem 0x000000000009fc00-0x000000000009ffff] rerd
[   00000] BS-e820: [mem 0x00000000000f0000x00000000000fffff] reserved
[    0.000000] BIOS-e820: [mem 0x0000000000100000-0x000000003ffeffff] usable
  0.0000BIS-e820: [mem 0x000000003fff0000-0x000000003fffffff] ACPI data
[    0.000000] BIOS-e820: [mem 0x00000000fec00000-0x00000000fec00fff] reserved
[    0.000000] BIOS-e820: [mem 0x00000000fee00000-0x0000000e0fff] esrved
[    0.000000] BIS-820 [emx00000000fffc0000-0x00000000ffffffff]esved
[    0.000000] N(Execute Disable) protection: actie
[  .00000] SMBIOS 2.5 prese.
[   .000000] Hypervisor detected: KVM
[    0.00000] e820: last_pfn = 0x3fff0 max_arch_pfn = 0x400000000
[    0.00000] MTRR: Disabled
[    0.00000] 6/PA: MRRdisabedskipping PAT initialization too.
[    0.000000] x86/PAT: Configurtin [0-7]: W WT  UC- UC  WB  WT  UC- UC  
[    0.000000] CPU MTRRs all blank - virtualized sysem.
[  0.000000] found SMP MP-table at [mem 0x0009fff0-0x09ff] mapped at [ffff88000009fff0]
[    .0000] Scanning 1 areas for low memory corrupti
    0.000000] RAMISK: [mem 0x37014000-0x301f]
[   000000] ACPI: Early table checksum verification disabled
[    0.000000] ACPI: RSDP 0x00000000000E0000 000024 (v02 VBOX  )
[    0.000000] ACPI: XSDT 0x000000003FFF0030 00003C (v01 VBOX   VBOXXSDT 0000001 ASL  00000061)
[    0.000000] ACPI: FACP 0x000000003FFF00F0 0000F4 (v04 VBOX   VBOXFACP 00000001 ASL 000061)
[   0.000000] ACPI: DSDT 0x000000003FFF0470 00210F (v01 VBOX   VBOXBOS00000002 INTL 20100528)
[   .00000] ACPI: FACS 0x000000003FFF0200 000040
[    0.000000] ACPI: FACS 0x000000003FFF200004
  0.00000] CP: PI 0000000FF24 0000 (2 VBOX  OXAPIC 00000001 ASL  00000061)
[    0.000000 API SSDT 0x000000003FFF02A0 0001CC (v01 VBOX   VBOXCPUT 00000002 INTL 20100528)
[    0.000000] No NUA onfiguration found
[    0.000000] Faking a nodeat [mem 0x0000000000000000-0x000000003ffeffff]
[    00000] NODE_DATA(0) allocated [mem 0x3ffeb000-0x3ffeffff]
[    0.000000] kvm-clock: Using msrs 4b564d01 and 4b564d0
[  0.00000 k-clock: cpu 0,ms0:3ff00, rimrycp cock
[    0.000000] kvm-clock: using sched offset of 3027406236 cycles
[    0.000000] clocksouce: kvm-clockmak: ffffffffffffff max_cycles: 0x1cd42e4dffb, max_idle_ns: 881590591483 ns
[  000000] Zone ranges:
[  00000  DMA   [em 0x0000000000001000-0x0000000000ffffff]
[    0.000000]   DMA32    [mem 0x0000000001000000-0x000000003ffefff
[  0.0000]   Normal   empty
[    0.000000]   Device   empt
  0.0000]ovabl ze tart orac node
[  000000] Early memorynoe anes
[   .000]  node   0: [mem 0x0000000000000-0x000000000009efff]
[    0.000000]   node   0: [mem 0x0000001000-0x000000003ffeffff]
[    0.000000] Initmem setup od 0 [mm 00000000000000x00000ffffff]
[    0000] AC: -Timer O rt: 000
[   00000] OAC[]: apic_id 2version 32, address xfc0000,SI0-23
[  0.000000] ACPI: INT_SRC_OVR (bus0 s_irq 0 global_irq 2 df dfl
[   .00000] ACPI: INT_SRC_OVR (bus 0 bus_irq 9 global_irq 9 high level)
[    0.000000] Using ACPI (MADT) for SMP configuration information
[    0.000000] smpboot: Allowing 2 CPUs, 0 hotplug CPUs
[    00000]PMRegistered nosave memoy:me0x00000-x0000ff
[[    00000] PM:egstrednosveemor: em0x00000-000fff]
[   0000 P: Registered nosave memory: [mem x0a000-0x000eff
[  000000 P Registered nosave memoy:[m 0x000f000-000fffff][  00000e820:[m 0400000xfebfffff] avilblfor P dices
[    0.000000] Booting paravirtualized kernel on KVM
[    0.000000] clocsource rined-ifes mas: fffffffmacyle 0ffffff, x_dlens76551900158 ns
  0.000000] setup_percp N_CUS:25nrcpumaskbi:26 nrcpids:2nr_node_ids:1
[   .0000] PERC: bedded 33 pages/cpu @ffff88003fc00000 s98008 r8192 d898 104876[    0.000000] PV qspinlock hash table entries: 256 (order: 0, 4096 bytes
   0.000000]But  zonlis n derder, moilty grouping on.  Tol ges: 257913
[    0.000000] Policy ze:MA32[    00000] ernel command line: BOOT_IMAGE=/boot/vmlinuz-4.4.0-45-generic root=LABEL=cloudimg-rootfs ro console=tty1 console=ttyS0
[    0.000000] PID hash table entries: 4096 (order: 3, 32768 bytes
[    0.000000] Memory: 1004516K/1048120K available (8409K kernel code, 1283K rwdata, 3944K rodata, 1480K init, 292K bss, 43604K reserved, 0K cma-reserved)
[    0000000] SLUB: HWalign=64, Order=0-3, MinObjects=0, CPUs=2, Nodes=1
[    0.000000] Hierarchical RCU implementation.
[    0.000000] 	Build-time adjustment of leaf fanout to 64.
[    0.000000] 	RCU restricting CPUs from NR_CPUS=256 to nr_cpu_ids=2.
[    0.000000] RCU: Adjusting geometry for rcu_fanout_leaf=64, nr_cpu_ids=2
[    0.000000] NR_IRQS:16640 nr_irqs:440 16
[    0.000000] Console: colour VGA+ 80x25
[   0.000000] conole [tty1] enabled
[    0.000000] console [ttyS0] enabled
[    0.000000] tsc: Detected 3100.000 MHz processor
[    8.226814] Calibrating delay loop (skipped) preset value.. 6200.00 BogoMIPS (lpj=12400000)
[    8.236037] pid_max: default: 32768 minimum: 301
[    8.245639] ACPI: Core revision 20150930
[    8.262731] ACPI: 2 ACPI AML tables successfully acquired and loaded
[    8.269806] Security Framework initialized
[    8.271359] Yama: becoming mindful.
[    8.273601] AppArmor: AppArmor initialized
[    8.276155] Dentry cache hash table entries: 131072 (order: 8, 1048576 bytes)
[    8.290635] Inode-cache hash table entries: 65536 (order: 7, 524288 bytes)
[    8.296192] Mount-cache hash table entries: 2048 (order: 2, 16384 bytes)
[    8.299538] Mountpoint-cache hash table entries: 2048 (order: 2, 16384 bytes)
[    8.308937] Initializing cgroup subsys io
[    8.322244] Initializing cgroup subsys memory
[    8.324150] Initializing cgroup subsys devices
[    8.326783] Initializing cgroup subsys freezer
[    8.327936] Initializing cgroup subsys net_cls
[    8.335625] Initializing cgroup subsys perf_event
[    8.337659] Initializing cgroup subsys net_prio
[    8.338839] Initializing cgroup subsys hugetlb
[    8.340627] Initializing cgroup subsys pids
[    8.343630] CPU: Physical Processor ID: 0
[    8.344639] CPU: Processor Core ID: 0
[    8.357122] mce: CPU supports 0 MCE banks
[    8.405272] Last level iTLB entries: 4KB 64, 2MB 8, 4MB 8
[    8.475892] Last level dTLB entries: 4KB 64, 2MB 0, 4MB 0, 1GB 4
[    8.501150] Freeing SMP alternatives memory: 32K (ffffffff820b4000 - ffffffff820bc000)
[    8.515684] ftrace: allocating 32007 entries in 126 pages
[    8.570117] smpboot: Max logical packages: 1
[    8.622326] smpboot: APIC(0) Converting physical 0 to logical package 0
[    8.633859] x2apic enabled
[    8.640696] Switched APIC routing to physical x2apic.
[    8.659306] ..TIMER: vector=0x30 apic1=0 pin1=2 apic2=-1 pin2=-1
[   8.797480] smpboot: CPU0: Intel(R) Core(TM) i7-5557U CPU @ 3.10GHz (family: 0x6, model: 0x3d, stepping: 0x4)
[    8.860925] Performance Events: unsupported p6 CPU model 61 no PMU driver, software events only.
[    8.862974] KVM setup paravirtual spinlock
[    8.867942] x86: Booting SMP configuration:
[    8.882756] .... node  #0, CPUs:      #1
[    8.918406] kvm-clock: cpu 1, msr 0:3ffe7041, secondary cpu clock
[    8.964620] mce: CPU supports 0 MCE banks
[    9.006546] x86: Booted up 1 node, 2 CPUs
[    9.020583] smpboot: Total of 2 processors activated (12400.00 BogoMIPS)
[    9.022543] devtmpfs: initialized
[    9.025415] evm: security.selinux
[    9.034010] evm: security.SMACK64
[    9.035913] evm: security.SMACK64EXEC
[    9.037192] evm: security.SMACK64TRANSMUTE
[    9.038123] evm: security.SMACK64MMAP
[    9.039045] evm: security.ima
[    9.049774] evm: security.capability
[    9.051821] clocksource: jiffies: mask: 0xffffffff max_cycles: 0xffffffff, max_idle_ns: 7645041785100000 ns
[    9.067173] pinctrl core: initialized pinctrl subsystem
[    9.071725] RTC time: 11:47:58, date: 11/02/16
[    9.076506] NET: Registered protocol family 16
[    9.090533] cpuidle: using governor ladder
[    9.110944] cpuidle: using governor menu
[    9.125258] PCCT header not found.
[    9.140402] ACPI: bus type PCI registered
[    9.141776] acpiphp: ACPI Hot Plug PCI Controller Driver version: 0.5
[    9.151228] PCI: Using configuration type 1 for base access
[    9.211773] ACPI: Added _OSI(Module Device)
[    9.226623] ACPI: Added _OSI(Processor Device)
[    9.227661] ACPI: Added _OSI(3.0 _SCP Extensions)
[    9.230141] ACPI: Added _OSI(Processor Aggregator Device)
[    9.234313] ACPI: Executed 1 blocks of module-level executable AML code
[    9.254071] ACPI: Interpreter enabled
[    9.256530] ACPI Exception: AE_NOT_FOUND, While evaluating Sleep State [\_S1_] (20150930/hwxface-580)
[    9.271405] ACPI Exception: AE_NOT_FOUND, While evaluating Sleep State [\_S2_] (20150930/hwxface-580)
[    9.274541] ACPI Exception: AE_NOT_FOUND, While evaluating Sleep State [\_S3_] (20150930/hwxface-580)
[    9.291381] ACPI Exception: AE_NOT_FOUND, While evaluating Sleep State [\_S4_] (20150930/hwxface-580)
[    9.310002] ACPI: (supports S0 S5)
[    9.317860] ACPI: Using IOAPIC for interrupt routing
[    9.319841] PCI: Using host bridge windows from ACPI; if necessary, use "pci=nocrs" and report a bug
[    9.327266] ACPI: PCI Root Bridge [PCI0] (domain 0000 [bus 00-ff])
[    9.335572] acpi PNP0A03:00: _OSC: OS supports [ASPM ClockPM Segments MSI]
[    9.340654] acpi PNP0A03:00: _OSC failed (AE_NOT_FOUND); disabling ASPM
[    9.349872] acpi PNP0A03:00: fail to add MMCONFIG information, can't access extended PCI configuration space under this bridge.
[    9.384288] PCI host bridge to bus 0000:00
[    9.389649] pci_bus 0000:00: root bus resource [io  0x0000-0x0cf7 window]
[    9.402066] pci_bus 0000:00: root bus resource [io  0x0d00-0xffff window]
[    9.420912] pci_bus 0000:00: root bus resource [mem 0x000a0000-0x000bffff window]
[    9.423184] pci_bus 0000:00: root bus resource [mem 0x40000000-0xffdfffff window]
[    9.435615] pci_bus 0000:00: root bus resource [bus 00-ff]
[    9.438729] pci 0000:00:01.1: legacy IDE quirk: reg 0x10: [io  0x01f0-0x01f7]
[    9.463064] pci 0000:00:01.1: legacy IDE quirk: reg 0x14: [io  0x03f6]
[    9.467848] pci 0000:00:01.1: legacy IDE quirk: reg 0x18: [io  0x0170-0x0177]
[    9.474087] pci 0000:00:01.1: legacy IDE quirk: reg 0x1c: [io  0x0376]
[    9.544462] pci 0000:00:07.0: quirk: [io  0x4000-0x403f] claimed by PIIX4 ACPI
[    9.556582] pci 0000:00:07.0: quirk: [io  0x4100-0x410f] claimed by PIIX4 SMB
[    9.606690] ACPI: PCI Interrupt Link [LNKA] (IRQs 5 9 10 *11)
[    9.621831] ACPI: PCI Interrupt Link [LNKB] (IRQs 5 9 10 *11)
[    9.629834] ACPI: PCI Interrupt Link [LNKC] (IRQs 5 9 *10 11)
[    9.643850] ACPI: PCI Interrupt Link [LNKD] (IRQs 5 *9 10 11)
[    9.684401] ACPI: Enabled 2 GPEs in block 00 to 07
[    9.694887] vgaarb: setting as boot device: PCI:0000:00:02.0
[    9.712144] vgaarb: device added: PCI:0000:00:02.0,decodes=io+mem,owns=io+mem,locks=none
[    9.765722] vgaarb: loaded
[    9.799473] vgaarb: bridge control possible 0000:00:02.0
[    9.808191] SCSI subsystem initialized
[    9.820398] ACPI: bus type USB registered
[    9.826942] usbcore: registered new interface driver usbfs
[    9.858812] usbcore: registered new interface driver hub
[    9.880554] usbcore: registered new device driver usb
[    9.890716] PCI: Using ACPI for IRQ routing
[    9.909617] NetLabel: Initializing
[    9.926871] NetLabel:  domain hash size = 128
[    9.954837] NetLabel:  protocols = UNLABELED CIPSOv4
[    9.985263] NetLabel:  unlabeled traffic allowed by default
[   10.001142] amd_nb: Cannot enumerate AMD northbridges
[   10.018914] clocksource: Switched to clocksource kvm-clock
[   10.0566 ApArmor: AppArmo Festem naed[   10.401040] pnp: PnP ACPI init
[ 10.426861] pnp: PnP ACPI: found 3 devices

[ 10861] clocksourc acpi_pm: mask: 0xffffff max_cycles: 0xffffff, max_idle_ns: 2085701024 ns
[   10.705519] NET: Registeredprtoolamy 
[   10.963690] TCP established hash table entries81 (de: , 53bys)[  13597 T bd astae tres819 (order: , 131072 bytes)
[   11.9663] CP Hh bl cfire(eabsh 82 bind 819
  12.60349] UP hash tale entries: 512 (order: 2, 16384 bytes)
[   12.86478UDP-Lite hash table entries: 512 (order: 2, 16384 bytes)
[   12.9652] ETRegistered protocol family 1
[  11116pc00:00:00.0: Limiting direct PCI/PCI transfers
[  13920pc 0000:00:01.0: ActivatingISAMAha wrkous   13.905050] Trying to unpack rootfs image as initramfs...
[   15.400625] Freeing initrd memory: 8120K (ffff880037014000 - ffff880037802000)
[   15.461625] RAPL PMU detected, API unit is 2^-32 Joules, 4 fixed counters 10737418240 ms ovfl timer
[   15.487687] hw unit of domain pp0-core 2^-0 Joules
[   15.535566] hw unit of domain package 2^-0 Joules
[   15.597258] hw unit of domain dram 2^-0 Joules
[   15.628845] hw unit of domain pp1-gpu 2^-0 Joules
[   15.643819] platform rtc_cmos: registered platform RTC device (no PNP device found)
[   15.689893] Scanning for low memory corruption every 60 seconds
[   15.716404] futex hash table entries: 512 (order: 3, 32768 bytes)
[   15.732859] audit: initializing netlink subsys (disabled)
[   15.750684] audit: type=2000 audit(1478087280.350:1): initialized
[   15.762789] Initialise system trusted keyring
[   15.783978] HugeTLB registered 2 MB page size, pre-allocated 0 pages
[   15.791521] zbud: loaded
[   15.798483] VFS: Disk quotas dquot_6.6.0
[   15.831166] VFS: Dquot-cache hash table entries: 512 (order 0, 4096 bytes)
[   15.881974] squashfs: version 4.0 (2009/01/31) Phillip Lougher
[   15.905241] fuse init (API version 7.23)
[   15.914065] Key type big_key registered
[   15.944712] Allocating IMA MOK and blacklist keyrings.
[   15.993566] Key type asymmetric registered
[   16.054945] Asymmetric key parser 'x509' registered
[   16.090150] Block layer SCSI generic (bsg) driver version 0.4 loaded (major 249)
[   16.150060] io scheduler noop registered
[   16.187031] io scheduler deadline registered (default)
[   16.230027] io scheduler cfq registered
[   16.285208] pci_hotplug: PCI Hot Plug PCI Core version: 0.5
[   16.339768] pciehp: PCI Express Hot Plug Controller Driver version: 0.4
[   16.371319] ACPI: AC Adapter [AC] (on-line)
[   16.392182] input: Power Button as /devices/LNXSYSTM:00/LNXPWRBN:00/input/input0
[   16.439655] ACPI: Power Button [PWRF]
[   16.448385] input: Sleep Button as /devices/LNXSYSTM:00/LNXSLPBN:00/input/input1
[   16.491948] ACPI: Sleep Button [SLPF]
[   16.510997] GHES: HEST is not enabled!
[   16.513048] ACPI: Battery Slot [BAT0] (battery present)
[   16.562607] Serial: 8250/16550 driver, 32 ports, IRQ sharing enabled
[   16.618703] 00:02: ttyS0 at I/O 0x3f8 (irq = 4, base_baud = 115200) is a 16550A
[   16.633758] Linux agpgart interface v0.103
[   16.643870] tsc: Refined TSC clocksource calibration: 3098.328 MHz
[   16.643874] clocksource: tsc: mask: 0xffffffffffffffff max_cycles: 0x2ca91c4a5a7, max_idle_ns: 440795343855 ns
[   16.764595] brd: module loaded
[   16.800498] loop: module loaded
[   16.815824] scsi host0: ata_piix
[   16.849326] scsi host1: ata_piix
[   16.879836] ata1: PATA max UDMA/33 cmd 0x1f0 ctl 0x3f6 bmdma 0xd000 irq 14
[   16.931081] ata2: PATA max UDMA/33 cmd 0x170 ctl 0x376 bmdma 0xd008 irq 15
[   16.959259] libphy: Fixed MDIO Bus: probed
[   17.001082] tun: Universal TUN/TAP device driver, 1.6
[   17.002085] tun: (C) 1999-2004 Max Krasnyansky <maxk@qualcomm.com>
[   17.003326] PPP generic driver version 2.4.2
[   17.012696] ehci_hcd: USB 2.0 'Enhanced' Host Controller (EHCI) Driver
[   17.017674] ehci-pci: EHCI PCI platform driver
[   17.018725] ehci-platform: EHCI generic platform driver
[   17.058900] ohci_hcd: USB 1.1 'Open' Host Controller (OHCI) Driver
[   17.082228] ohci-pci: OHCI PCI platform driver
[   17.096610] ohci-platform: OHCI generic platform driver
[   17.121090] uhci_hcd: USB Universal Host Controller Interface driver
[   17.133091] i8042: PNP: PS/2 Controller [PNP0303:PS2K,PNP0f03:PS2M] at 0x60,0x64 irq 1,12
[   17.161364] serio: i8042 KBD port at 0x60,0x64 irq 1
[   17.182397] serio: i8042 AUX port at 0x60,0x64 irq 12
[   17.198507] mousedev: PS/2 mouse device common for all mice
[   17.216995] input: AT Translated Set 2 keyboard as /devices/platform/i8042/serio0/input/input2
[   17.247350] rtc_cmos rtc_cmos: rtc core: registered rtc_cmos as rtc0
[   17.281611] rtc_cmos rc_mo: lams up to one day, 11 btes nvrm[  1.526969] i2c /dev entries drive
[   17.635719] device-mapper: uevent: version 1.0.3
[   17.685614] device-mapper: ioctl: 4.34.0-ioctl (2015-10-28) initialised: dm-devel@redhat.com
[   17.757193] ledtrig-cpu: registered to indicate activity on CPUs
[   17.769151] NET: Registered protocol family 10
[   17.784071] NET: Registered protocol family 17
[   17.813869] Key type dns_resolver registered
[   17.873226] microcode: CPU0 sig=0x306d4, pf=0x40, revision=0x0
[   17.930738] microcode: CPU1 sig=0x306d4, pf=0x40, revision=0x0
[   17.934060] microcode: Microcode Update Driver: v2.01 <tigran@aivazian.fsnet.co.uk>, Peter Oruba
[   18.011313] registered taskstats version 1
[   18.070049] Loading compiled-in X.509 certificates
[   18.121387] Loaded X.509 cert 'Build time autogenerated kernel key: 5295ae568fdd4deae5e4e5c175542790e6aaeab9'
[   18.151472] zswap: loaded using pool lzo/zbud
[   18.234474] Key type trusted registered
[   18.272963] Key type encrypted registered
[   18.289569] AppArmor: AppArmor sha1 policy hashing enabled
[   18.290654] ima: No TPM chip found, activating TPM-bypass!
[   18.316975] evm: HMAC attrs: 0x1
[   18.345909]   Magic number: 8:581:781
[   18.366518] rtc_cmos rtc_cmos: setting system clock to 2016-11-02 11:48:07 UTC (1478087287)
[   18.417987] BIOS EDD facility v0.16 2004-Jun-25, 0 devices found
[   18.466283] EDD information not available.
[   18.505483] Freeing unused kernel memory: 1480K (ffffffff81f42000 - ffffffff820b4000)
[   18.558300] Write protecting the kernel read-only data: 14336k
[   18.587808] Freeing unused kernel memory: 1820K (ffff880001839000 - ffff880001a00000)
[   18.624585] Freeing unused kernel memory: 152K (ffff880001dda000 - ffff880001e00000)
Loading, please [   18.652542] random: systemd-udevd: uninitialized urandom read (16 bytes read, 5 bits of entropy available)
wait...
startin[   18.700657] random: systemd-udevd: uninitialized urandom read (16 bytes read, 5 bits of entropy available)
g version 229
[   18.701485] random: udevadm: uninitialized urandom read (16 bytes read, 5 bits of entropy available)
[   18.701515] random: udevadm: uninitialized urandom read (16 bytes read, 5 bits of entropy available)
[   18.701601] random: udevadm: uninitialized urandom read (16 bytes read, 5 bits of entropy available)
[   18.701632] random: udevadm: uninitialized urandom read (16 bytes read, 5 bits of entropy available)
[   18.701663] random: udevadm: uninitialized urandom read (16 bytes read, 5 bits of entropy available)
[   18.701695] random: udevadm: uninitialized urandom read (16 bytes read, 5 bits of entropy available)
[   18.701725] random: udevadm: uninitialized urandom read (16 bytes read, 5 bits of entropy available)
[   18.701754] random: udevadm: uninitialized urandom read (16 bytes read, 5 bits of entropy available)
[   19.126601] e1000: Intel(R) PRO/1000 Network Driver - version 7.3.21-k8-NAPI
[   19.133949] e1000: Copyright (c) 1999-2006 Intel Corporation.
[   19.146056] Fusion MPT base driver 3.04.20
[   19.155386] Copyright (c) 1999-2008 LSI Corporation
[   19.165252] Fusion MPT SPI Host driver 3.04.20
[   19.188306] AVX version of gcm_enc/dec engaged.
[   19.204976] AES CTR mode by8 optimization enabled
[   19.384602] input: ImExPS/2 Generic Explorer Mouse as /devices/platform/i8042/serio1/input/input4
[   19.568255] e1000 0000:00:03.0 eth0: (PCI:33MHz:32-bit) 02:e3:e0:58:a3:49
[   19.633043] e1000 0000:00:03.0 eth0: Intel(R) PRO/1000 Network Connection
[   20.194812] e1000 0000:00:08.0 eth1: (PCI:33MHz:32-bit) 08:00:27:47:6c:37
[   20.230069] e1000 0000:00:08.0 eth1: Intel(R) PRO/1000 Network Connection
[   20.287574] e1000 0000:00:03.0 enp0s3: renamed from eth0
[   20.323840] mptbase: ioc0: Initiating bringup
[   20.359762] e1000 0000:00:08.0 enp0s8: renamed from eth1
[   20.403267] ioc0: LSI53C1030 A0: Capabilities={Initiator}
[   20.566546] scsi host2: ioc0: LSI53C1030 A0, FwRev=00000000h, Ports=1, MaxQ=256, IRQ=20
[   20.744013] scsi 2:0:0:0: Direct-Access     VBOX     HARDDISK         1.0  PQ: 0 ANSI: 5
[   20.801914] scsi target2:0:0: Beginning Domain Validation
[   20.856462] scsi target2:0:0: Domain Validation skipping write tests
[   20.878058] scsi target2:0:0: Ending Domain Validation
[   20.907660] scsi target2:0:0: asynchronous
[   20.934568] scsi 2:0:1:0: Direct-Access     VBOX     HARDDISK         1.0  PQ: 0 ANSI: 5
[   21.033658] scsi target2:0:1: Beginning Domain Validation
[   21.062290] scsi target2:0:1: Domain Validation skipping write tests
[   21.120611] scsi target2:0:1: Ending Domain Validation
[   21.121818] scsi target2:0:1: asynchronous
[   21.138415] sd 2:0:0:0: Attached scsi generic sg0 type 0
[   21.138418] sd 2:0:0:0: [sda] 20971520 512-byte logical blocks: (10.7 GB/10.0 GiB)
[   21.138663] sd 2:0:0:0: [sda] Write Protect is off
[   21.138752] sd 2:0:0:0: [sda] Incomplete mode parameter data
[   21.138754] sd 2:0:0:0: [sda] Assuming drive cache: write through
[   21.139461]  sda: sda1
[   21.140013] sd 2:0:0:0: [sda] Attached SCSI disk
[   21.585133] sd 2:0:1:0: [sdb] 20480 512-byte logical blocks: (10.5 MB/10.0 MiB)
[   21.672242] sd 2:0:1:0: Attached scsi generic sg1 type 0
[   21.729022] sd 2:0:1:0: [sdb] Write Protect is off
[   22.787450] floppy0: no floppy controllers found
[   22.787605] sd 2:0:1:0: [sdb] Incomplete mode parameter data
[   22.787606] sd 2:0:1:0: [sdb] Assuming drive cache: write through
[   22.789264] sd 2:0:1:0: [sdb] Attached SCSI disk
Begin: Loading e[   24.294226] md: linear personality registered for level -1
ssential drivers[   24.370931] md: multipath personality registered for level -4
 ... [   24.442242] md: raid0 personality registered for level 0
[   24.511962] md: raid1 personality registered for level 1
[   24.635447] raid6: sse2x1   gen()  8081 MB/s
[   24.719003] raid6: sse2x1   xor()  6086 MB/s
[   24.839027] raid6: sse2x2   gen() 10090 MB/s
[   24.927038] raid6: sse2x2   xor()  7438 MB/s
[   25.031178] raid6: sse2x4   gen() 12839 MB/s
[   25.151268] raid6: sse2x4   xor()  7461 MB/s
[   25.210558] raid6: using algorithm sse2x4 gen() 12839 MB/s
[   25.245753] raid6: .... xor() 7461 MB/s, rmw enabled
[   25.321007] raid6: using ssse3x2 recovery algorithm
[   25.360336] xor: automatically using best checksumming function:
[   25.419205]    avx       : 12510.000 MB/sec
[   25.435895] async_tx: api initialized (async)
[   25.458586] md: raid6 personality registered for level 6
[   25.459813] md: raid5 personality registered for level 5
[   25.460865] md: raid4 personality registered for level 4
[   25.476602] md: raid10 personality registered for level 10
done.
Begin: Running /scripts/init-premount ... done.
Begin: Mounting root file system ... Begin: Running /scripts/local-top ... done.
Begin: Running /scripts/local-[   25.532700] Btrfs loaded
premount ... Scanning for Btrfs filesystems
done.
Warning: fsck no[   25.603853] EXT4-fs (sda1): mounted filesystem with ordered data mode. Opts: (null)
t present, so skipping root file system
done.
Begin: Running /scripts/local-bottom ... done.
Begin: Running /scripts/init-bottom ... Warning: overlayroot: debug is busted
done.
[   25.750601] systemd[1]: systemd 229 running in system mode. (+PAM +AUDIT +SELINUX +IMA +APPARMOR +SMACK +SYSVINIT +UTMP +LIBCRYPTSETUP +GCRYPT +GNUTLS +ACL +XZ -LZ4 +SECCOMP +BLKID +ELFUTILS +KMOD -IDN)
[   25.976736] systemd[1]: Detected virtualization oracle.
[   25.977779] systemd[1]: Detected architecture x86-64.

Welcome to [1mUbuntu 16.04.1 LTS[0m!

[ 263648] systed[: t stamtoubtu>.
[   26.556561] systemd[1]: Initializing machine ID from random generator.
[   26.637220] systemd[1]: Installed transient /etc/machine-id file.
[   26.758282] systemd[1]: Listening on Journal Socket (/dev/log).
[[0;32m  OK  [0m] Listening on Journal Socket (/dev/log).
[   26.815623] systemd[1]: Listening on udev Control Socket.
[[0;32m  OK  [0m] Listening on udev Control Socket.
[   26.888230] systemd[1]: Created slice System Slice.
[[0;32m  OK  [0m] Created slice System Slice.
[   26.925702] systemd[1]: Listening on Device-mapper event daemon FIFOs.
[[0;32m  OK  [0m] Listening on Device-mapper event daemon FIFOs.
[   27.024257] systemd[1]: Reached target User and Group Name Lookups.
[[0;32m  OK  [0m] Reached target User and Group Name Lookups.
[   27.116642] systemd[1]: Listening on Journal Socket.
[[0;32m  OK  [0m] Listening on Journal Socket.
[   27.203367] systemd[1]: Mounting Huge Pages File System...
[   27.203923] random: nonblocking pool is initialized
         Mounting Huge Pages File System...
[   27.296023] systemd[1]: Starting Set console keymap...
         Starting Set console keymap...
[   27.379887] systemd[1]: Starting Remount Root and Kernel File Systems...
[   27.387337] EXT4-fs (sda1): re-mounted. Opts: (null)
         Starting Remount Root and Kernel File Systems...
[   27.551665] systemd[1]: Mounting POSIX Message Queue File System...
         Mounting POSIX Message Queue File System...
[   27.644156] systemd[1]: Started Forward Password Requests to Wall Directory Watch.
[[0;32m  OK  [0m] Started Forward Password Requests to Wall Directory Watch.
[   27.731285] systemd[1]: Listening on udev Kernel Socket.
[[0;32m  OK  [0m] Listening on udev Kernel Socket.
[   27.828143] systemd[1]: Created slice system-serial\x2dgetty.slice.
[[0;32m  OK  [0m] Created slice system-serial\x2dgetty.slice.
[   27.895537] systemd[1]: Listening on Syslog Socket.
[[0;32m  OK  [0m] Listening on Syslog Socket.
[   27.959383] systemd[1]: Set up automount Arbitrary Executable File Formats File System Automount Point.
[[0;32m  OK  [0m] Set up automount Arbitrary Executab...ats File System Automount Point.
[   28.079511] systemd[1]: Listening on LVM2 poll daemon socket.
[[0;32m  OK  [0m] Listening on LVM2 poll daemon socket.
[   28.171216] systemd[1]: Reached target Encrypted Volumes.
[[0;32m  OK  [0m] Reached target Encrypted Volumes.
[   28.235731] systemd[1]: Starting Uncomplicated firewall...
         Starting Uncomplicated firewall...
[   28.287346] systemd[1]: Mounting Debug File System...
         Mounting Debug File System...
[   28.387387] systemd[1]: Starting Nameserver information manager...
         Starting Nameserver information manager...
[   28.486218] systemd[1]: Created slice User and Session Slice.
[[0;32m  OK  [0m] Created slice User and Session Slice.
[   28.603594] systemd[1]: Reached target Slices.
[[0;32m  OK  [0m] Reached target Slices.
[   28.657009] systemd[1]: Listening on /dev/initctl Compatibility Named Pipe.
[[0;32m  OK  [0m] Listening on /dev/initctl Compatibility Named Pipe.
[   28.691591] systemd[1]: Listening on Journal Audit Socket.
[[0;32m  OK  [0m] Listening on Journal Audit Socket.
[   28.763276] systemd[1]: Starting Journal Service...
         Starting Journal Service...
[   28.827275] systemd[1]: Starting Create list of required static device nodes for the current kernel...
         Starting Create list of required st... nodes for the current kernel...
[   28.984245] systemd[1]: Starting Load Kernel Modules...
[   29954Loing SCI anor cas v.070

         Starting Load Kernel Mo[   29.522617] iscsi: registered transport (tcp)
dules...
[   29.603187] systemd[1]: Reached target Swap.
[[0;32m  OK  [[   29.612626] iscsi: registered transport (iser)
0m] Reached target Swap.
[   29.688496] systemd[1]: Listening on LVM2 metadata daemon socket.
[[0;32m  OK  [0m] Listening on LVM2 metadata daemon socket.
[   29.803732] systemd[1]: Starting Monitoring of LVM2 mirrors, snapshots etc. using dmeventd or progress polling...
         Starting Monitoring of LVM2 mirrors... dmeventd or progress polling...
[   29.872206] systemd[1]: Mounted POSIX Message Queue File System.
[[0;32m  OK  [0m] Mounted POSIX Message Queue File System.
[   29.996133] systemd[1]: Mounted Huge Pages File System.
[[0;32m  OK  [0m] Mounted Huge Pages File System.
[   30.035830] systemd[1]: Mounted Debug File System.
[[0;32m  OK  [0m] Mounted Debug File System.
[   30.151818] systemd[1]: Started Journal Service.
[[0;32m  OK  [0m] Started Journal Service.
[[0;32m  OK  [0m] Started Set console keymap.
[[0;32m  OK  [0m] Started Remount Root and Kernel File Systems.
[[0;32m  OK  [0m] Started Uncomplicated firewall.
[[0;32m  OK  [0m] Started Create list of required sta...ce nodes for the current kernel.
[[0;32m  OK  [0m] Started Load Kernel Modules.
[[0;32m  OK  [0m] Started Nameserver information manager.
[[0;32m  OK  [0m] Started LVM2 metadata daemon.
         Starting Apply Kernel Variables...
         Mounting FUSE Control File System...
         Starting Create Static Device Nodes in /dev...
         Starting Load/Save Random Seed...
         Starting udev Coldplug all Devices...
         Starting Flush Journal to Persistent Storage...
[[0;32m  OK  [0m] Mounted FUSE Control File System.
[[0;32m  OK  [0m] Started Monitoring of LVM2 mirrors,...ng dmeventd or progress polling.
[[0;32m  OK  [0m] Started Apply Kernel Variables.
[[0;32m  OK  [0m] Started Create Static Device Nodes in /dev.
[[0;32m  OK  [0m] Started Load/Save Random Seed.
[[0;32m  OK  [0m] Started udev Coldplug all Devices.
[[0;32m  OK  [0m] Started Flush Journal to Persistent Storage.
         Starting udev Kernel Device Manager...
[[0;32m  OK  [0m] Started udev Kernel Device Manager.
[[0;32m  OK  [0m] Started Dispatch Password Requests to Console Directory Watch.
[[0;32m  OK  [0m] Reached target Local File Systems (Pre).
[[0;32m  OK  [0m] Reached target Local File Systems.
         Starting Initial cloud-init job (pre-networking)...
         Starting Set console font and keymap...
         Starting LSB: AppArmor initialization...
         Starting Tell Plymouth To Write Out Runtime Data...
         Starting Run snappy firstboot setup...
         Starting Create Volatile Files and Directories...
         Starting Commit a transient machine-id on disk...
[[0;32m  OK  [0m] Started Tell Plymouth To Write Out Runtime Data.
[   23.195909] cloud-init[502]: Cloud-init v. 0.7.8 running 'init-local' at Wed, 02 Nov 2016 11:48:21 +0000. Up 22.84 seconds.
[[0;32m  OK  [0m] Started Run snappy firstboot setup.
[[0;32m  OK  [0m] Started Create Volatile Files and Directories.
[[0;32m  OK  [0m] Started Set console font and keymap.
[[0;32m  OK  [0m] Started Commit a transient machine-id on disk.
[[0;32m  OK  [0m] Started Initial cloud-init job (pre-networking).
[[0;32m  OK  [0m] Found device /dev/ttyS0.
[[0;32m  OK  [0m] Listening on Load/Save RF Kill Switch Status /dev/rfkill Watch.
[[0;32m  OK  [0m] Created slice system-getty.slice.
[[0;32m  OK  [0m] Reached target System Time Synchronized.
         Starting Update UTMP about System Boot/Shutdown...
[[0;32m  OK  [0m] Reached target Network (Pre).
[[0;32m  OK  [0m] Started Update UTMP about System Boot/Shutdown.
[[0;32m  OK  [0m] Started LSB: AppArmor initialization.
[[0;32m  OK  [0m] Reached target System Initialization.
[[0;32m  OK  [0m] Started Daily Cleanup of Temporary Directories.
[[0;32m  OK  [0m] Listening on UUID daemon activation socket.
[[0;32m  OK  [0m] Started ACPI Events Check.
[[0;32m  OK  [0m] Started Trigger resolvconf update for networkd DNS.
[[0;32m  OK  [0m] Reached target Paths.
[[0;32m  OK  [0m] Started Daily apt activities.
         Starting LXD - unix socket.
[[0;32m  OK  [0m] Started Timer to automatically refresh installed snaps.
[[0;32m  OK  [0m] Reached target Timers.
[[0;32m  OK  [0m] Listening on D-Bus System Message Bus Socket.
[[0;32m  OK  [0m] Listening on ACPID Listen Socket.
         Starting Socket activation for snappy daemon.
         Starting Raise network interfaces...
[[0;32m  OK  [0m] Listening on LXD - unix socket.
[[0;32m  OK  [0m] Listening on Socket activation for snappy daemon.
[[0;32m  OK  [0m] Reached target Sockets.
[[0;32m  OK  [0m] Reached target Basic System.
         Starting System Logging Service...
         Starting LSB: Record successful boot for GRUB...
         Starting Login Service...
         Starting LSB: MD monitoring daemon...
[[0;32m  OK  [0m] Started FUSE filesystem for LXC.
[[0;32m  OK  [0m] Started Deferred execution scheduler.
[[0;32m  OK  [0m] Started Regular background program processing daemon.
[[0;32m  OK  [0m] Started Snappy daemon.
         Starting Accounts Service...
[[0;32m  OK  [0m] Started D-Bus System Message Bus.
[[0;32m  OK  [0m] Started ACPI event daemon.
         Starting LXD - container startup/shutdown...
[[0;32m  OK  [0m] Started System Logging Service.
[[0;32m  OK  [0m] Started LXD - container startup/shutdown.
[[0;32m  OK  [0m] Started LSB: Record successful boot for GRUB.
[[0;32m  OK  [0m] Started LSB: MD monitoring daemon.
[[0;32m  OK  [0m] Started Login Service.
         Starting Authenticate and Authorize Users to Run Privileged Tasks...
[[0;32m  OK  [0m] Started Authenticate and Authorize Users to Run Privileged Tasks.
[[0;32m  OK  [0m] Started Accounts Service.
[[0;32m  OK  [0m] Started Raise network interfaces.
         Starting Initial cloud-init job (metadata service crawler)...
[[0;32m  OK  [0m] Reached target Network.
[   26.609710] cloud-init[1008]: Cloud-init v. 0.7.8 running 'init' at Wed, 02 Nov 2016 11:48:24 +0000. Up 26.02 seconds.
[   26.687536] cloud-init[1008]: ci-info: ++++++++++++++++++++++++++++++++++++++Net device info++++++++++++++++++++++++++++++++++++++
[   26.687803] cloud-init[1008]: ci-info: +--------+-------+----------------------------+---------------+-------+-------------------+
[[0;32m  OK  [0m] Started Initial cloud-init job (metadata service crawler).
[   26.687920] cloud-init[1008]: ci-info: | Device |   Up  |          Address           |      Mask     | Scope |     Hw-Address    |
[   26.984828] cloud-init[1008]: ci-info: +--------+-------+----------------------------+---------------+-------+-------------------+
[   26.985101] cloud-init[1008]: ci-info: | enp0s3 |  True |         10.0.2.15          | 255.255.255.0 |   .   | 02:e3:e0:58:a3:49 |
[[0;32m  OK  [0m] Reached target Cloud-config availability.
[   26.985313] cloud-init[1008]: ci-info: | enp0s3 |  True | fe80::e3:e0ff:fe58:a349/64 |       .       |  link | 02:e3:e0:58:a3:49 |
[   27.213645] cloud-init[1008]: ci-info: |   lo   |  True |         127.0.0.1          |   255.0.0.0   |   .   |         .         |
[[0;32m  OK  [0m] Reached target Network is Online.
[   27.213810] cloud-init[1008]: ci-info: |   lo   |  True |          ::1/128           |       .       |  host |         .         |
[   27.428663] cloud-init[1008]: ci-info: | enp0s8 | False |             .              |       .       |   .   | 08:00:27:47:6c:37 |
[   27.429194] cloud-init[1008]: ci-info: +--------+-------+----------------------------+---------------+-------+-------------------+
         Starting Apply the settings specified in cloud-config...
[   27.429616] cloud-init[1008]: ci-info: +++++++++++++++++++++++++++Route IPv4 info++++++++++++++++++++++++++++
[   27.720329] cloud-init[1008]: ci-info: +-------+-------------+----------+---------------+-----------+-------+
         Starting Pollinate to seed the pseudo random number generator...
[   27.720577] cloud-init[1008]: ci-info: | Route | Destination | Gateway  |    Genmask    | Interface | Flags |
[   27.752089] cloud-init[1008]: ci-info: +-------+-------------+----------+---------------+-----------+-------+
[   27.752297] cloud-init[1008]: ci-info: |   0   |   0.0.0.0   | 10.0.2.2 |    0.0.0.0    |   enp0s3  |   UG  |
         Starting /etc/rc.local Compatibility...
[   27.752643] cloud-init[1008]: ci-info: |   1   |   10.0.2.0  | 0.0.0.0  | 255.255.255.0 |   enp0s3  |   U   |
[   27.831772] cloud-init[1008]: ci-info: +-------+-------------+----------+---------------+-----------+-------+
[   27.889598] cloud-init[1008]: Generating public/private rsa key pair.
         Starting iSCSI initiator daemon (iscsid)...
[   27.889753] cloud-init[1008]: Your identification has been saved in /etc/ssh/ssh_host_rsa_key.
[   27.916744] [cloud-init[0;32m  OK  [0m[1008]: ] Your public key has been saved in /etc/ssh/ssh_host_rsa_key.pub.Started /etc/rc.local Compatibility.

[   27.937790] cloud-init[1008]: The key fingerprint is:
[   27.947088] cloud-init[1008]: SHA256:io13RxTfq0nsd+zsI3VI1rHhPEivcXPU2FFUUhKtf5Y root@ubuntu-xenial
[   27.963738] [[0;32m  OK  [0m] Started iSCSI initiator daemon (iscsid).
cloud-init[1008]: The key's randomart image is:
[   27.977351] cloud-init[1008]: +---[RSA 2048]----+
         Starting Login to default iSCSI targets...
[   28.008956] cloud-init[1008]: |          .   +OX|
[   28.050389] [cloud-init[0;32m  OK  [0m[1008]: ] |           o o.==|Started Pollinate to seed the pseudo random number generator.

[   28.102531]          cloud-initStarting OpenBSD Secure Shell server...[1008]: 
|          . o *++|
[[0;32m  OK  [0m] Started OpenBSD Secure Shell server.
[   28.103034] cloud-init[1008]: |         . . o+Xo|
[   28.164760] cloud-init[1008]: |        S . oo=o=|
[   28.220796] [cloud-init[0;32m  OK  [0m[1008]: ] |     + . . o +.E=|Started Login to default iSCSI targets.

[   28.221179] cloud-init[1008]: |    o + . . + o.=|
[   28.309490] [cloud-init[0;32m  OK  [0m[1008]: ] |     . . .   o = |Reached target Remote File Systems (Pre).

[[0;32m  OK  [0m] Reached target Remote File Systems.
[   28.310149] cloud-init[1008]: |              ..=|
[   28.436838]          cloud-initStarting LSB: daemon to balance interrupts for SMP systems...[1008]: 
+----[SHA256]-----+
[   28.524838]          Starting LSB: Set the CPU Frequency Scaling governor to "ondemand"...
cloud-init[1008]: Generating public/private dsa key pair.
         Starting LSB: VirtualBox Linux Additions...
[   28.564934] cloud-init[1008]: Your identification has been saved in /etc/ssh/ssh_host_dsa_key.
         Starting LSB: automatic crash report generation...
[   28.731292] cloud-init[1008]: Your public key has been saved in /etc/ssh/ssh_host_dsa_key.pub.
[   28.820480] cloud-init[1008]: The key fingerprint is:
         Starting Permit User Sessions...
[[0;32m  OK  [0m] Started Permit User Sessions.
[   28.868502] cloud-init[1008]: SHA256:IFHoe4jCVTlAUP3THtpuqa+ZluKHunZNdlNM+caOw/0 root@ubuntu-xenial
[   28.988663] cloud-init[1008]: The key's randomart image is:
[[0;32m  OK  [0m] Started LSB: Set the CPU Frequency Scaling governor to "ondemand".
[   28.989349] cloud-init[1008]: +---[DSA 1024]----+
[   29.100754] cloud-init[1008]: | .+++oo     .    |
[[0;32m  OK  [0m] Started LSB: daemon to balance interrupts for SMP systems.
[[   29.102419] cloud-init[1008]: |    .*     o     |
[0;32m  OK  [0m] Started LSB: VirtualBox Linux Additions.
[   29.149987] cloud-init[1008]: |   .o + . o o    |
[   29.280786] cloud-init[1008]: |   ... + o o +   |
         Starting Terminate Plymouth Boot Screen...
[   29.281118] cloud-init[1008]: |. .. o  S + =    |
         [   29.328813] Starting Hold until boot process finishes up...cloud-init
[1008]: |... o .+ = + o   |
[   29.400122] cloud-init[1008]: | .   .= + o . .  |
[[0;32m  OK  [0m] Started LSB: automatic crash report generation.
[   29.401514] cloud-init[1008]: |   . + =o+     E |
[   29.532801] cloud-init[1008]: |  .o=.+==.       |
[   29.533079] cloud-init[1008]: +----[SHA256]-----+
[[0;32m  OK  [0m] Started Terminate Plymouth Boot Screen.
[   29.533283] cloud-init[1008]: Generating public/private ecdsa key pair.
[   29.615422] cloud-init[1008]: Your identification has been saved in /etc/ssh/ssh_host_ecdsa_key.
[[0;32m  OK  [0m] Started Hold until boot process finishes up.
[   29.615814] cloud-init[1008]: Your public key has been saved in /etc/ssh/ssh_host_ecdsa_key.pub.
[   29.796622] cloud-init[1008]: The key fingerprint is:
[   29.796879] cloud-init[1008]: SHA256:Lrz7XT7Ac3Fd4NeKycvg9rCmdDZVVqJ/C2ITvknNDYI root@ubuntu-xenial
         Stopping OpenBSD Secure Shell server...
[   29.797064] cloud-init[1008]: The key's randomart image is:
[   30.024413] cloud-init[1008]: +---[ECDSA 256]---+
[   30.024620] cloud-init[1008]: |              o..|
[[0;32m  OK  [0m] Started Serial Getty on ttyS0.
[   30.024726] cloud-init[1008]: |          .  o oo|
[   30.162626] cloud-init[1008]: |         E o..+.+|
[   30.162970] cloud-init[1008]: |          ..**+o.|
[[0;32m  OK  [0m] Started Getty on tty1.
[[   30.163178] cloud-init[1008]: |        S..*=*o..|
[   30.234904] [0;32m  OK  [0mcloud-init] [1008]: Reached target Login Prompts.|     . . .*+*....|

[   30.235214] cloud-init[1008]: |      o o B*+  . |
[   30.321203] cloud-init[1008]: |       + =.B.    |
[   30.322152] cloud-init[1008]: |      ooooo o.   |
         Starting Set console scheme...
[   30.322299] cloud-init[1008]: +----[SHA256]-----+
[   30.429412] cloud-init[1008]: Generating public/private ed25519 key pair.
[   30.429660] cloud-init[1008]: Your identification has been saved in /etc/ssh/ssh_host_ed25519_key.
[[0;32m  OK  [0m] Stopped OpenBSD Secure Shell server.
[   30.429858] cloud-init[1008]: Your public key has been saved in /etc/ssh/ssh_host_ed25519_key.pub.
[   30.637138] cloud-init[1008]: The key fingerprint is:
[   30.637302] cloud-init[1008]: SHA256:uYoVyizX94pyCYRk1rvUbwyxc/A8PJxUar8IMOzSK90 root@ubuntu-xenial
[[0;32m  OK  [0m] Started Set console scheme.
[   30.637483] cloud-init[1008]: The key's randomart image is:
[   30.761428] cloud-init[1008]: +--[ED25519 256]--+
         Starting OpenBSD Secure Shell server...
[   30.762590] cloud-init[1008]: |   .     ..      |
[   30.852799] cloud-init[1008]: |  +.. o ..       |
[[0;32m  OK  [0m] Started OpenBSD Secure Shell server.
[   30.854041] cloud-init[1008]: | + .+o Xo.       |
[   30.969999] cloud-init[1008]: |  .o+o=.Xo       |
[[0;32m  OK  [0m] Reached target Multi-User System.
[   30.970770] cloud-init[1008]: |  .oo.o*So.      |
[   30.971391] cloud-init[1008]: |   =o= o+o .     |
[   30.971765] cloud-init[1008]: |  o B.Eo+ .      |
         Starting Notify bootloader that boot was successful...
[[   31.145882] cloud-init[1008]: |   +.oo+ .       |
[0;32m  OK  [0m] Reached target Graphical Interface.
[   31.201424] cloud-init[1008]: |    .oo ...      |
[   31.310063] cloud-init[1008]: +----[SHA256]-----+
         Starting Update UTMP about System Runlevel Changes...
[   31.310793] cloud-init[1089]: Generating locales (this might take a while)...
[[0;32m  OK  [0m[   31.445570] cloud-init[1089]:   en_US.UTF-8... done
] Started Apply the settings specified in cloud-config.
[   31.446442] cloud-init[1089]: Generation complete.
[[   31.521811] cloud-init[1089]: Cloud-init v. 0.7.8 running 'modules:config' at Wed, 02 Nov 2016 11:48:26 +0000. Up 27.78 seconds.
[0;32m  OK  [0m] Started Notify bootloader that boot was successful.
[[0;32m  OK  [0m] Started Update UTMP about System Runlevel Changes.
         Starting Execute cloud user/final scripts...
ci-info: no authorized ssh keys fingerprints found for user ubuntu.
<14>Nov  2 11:48:30 ec2: 
<14>Nov  2 11:48:30 ec2: #############################################################
<14>Nov  2 11:48:30 ec2: -----BEGIN SSH HOST KEY FINGERPRINTS-----
<14>Nov  2 11:48:30 ec2: 1024 SHA256:IFHoe4jCVTlAUP3THtpuqa+ZluKHunZNdlNM+caOw/0 root@ubuntu-xenial (DSA)
<14>Nov  2 11:48:30 ec2: 256 SHA256:Lrz7XT7Ac3Fd4NeKycvg9rCmdDZVVqJ/C2ITvknNDYI root@ubuntu-xenial (ECDSA)
<14>Nov  2 11:48:30 ec2: 256 SHA256:uYoVyizX94pyCYRk1rvUbwyxc/A8PJxUar8IMOzSK90 root@ubuntu-xenial (ED25519)
<14>Nov  2 11:48:30 ec2: 2048 SHA256:io13RxTfq0nsd+zsI3VI1rHhPEivcXPU2FFUUhKtf5Y root@ubuntu-xenial (RSA)
<14>Nov  2 11:48:30 ec2: -----END SSH HOST KEY FINGERPRINTS-----
<14>Nov  2 11:48:30 ec2: #############################################################
-----BEGIN SSH HOST KEY KEYS-----
ecdsa-sha2-nistp256 AAAAE2VjZHNhLXNoYTItbmlzdHAyNTYAAAAIbmlzdHAyNTYAAABBBBv9vD2sLy9GoZtQ9/r94LQuD0P4fzhz8BWCAZlaD9SoLhrYcXbjuBzmrhjbaeMG9dxgvZA13mjps1Qg4jaTYiM= root@ubuntu-xenial
ssh-ed25519 AAAAC3NzaC1lZDI1NTE5AAAAIErVuQvjedvjy5NkIegILYEwMhs92zgpE7fear50TdqW root@ubuntu-xenial
ssh-rsa AAAAB3NzaC1yc2EAAAADAQABAAABAQC24aJm9q9D+pVHARmpcIs2fHjbe76K+vAnYqsp9MYb+aVlEvd3uZbdllAB6AbBK843se2PPcyFmDPm7Ju+NhAKeIB/XHBzUa3I+eJSYVgnluiZyoCieqrXWoJNyVBtbirRxykyRXovaMLj5X8cH00RJdx2EEtawgC+pDy+0HoTJ4Dhn1+UHeM5Vr4J2/mYl0LKk0iRKgFRDqSDFB33jkWSDDqT6PKnscl0Jk0wKsjMISh97pUBaMaRjX0WOCkMfhEHcew48cPZ3WJHtA3LdPgcHviUPltYS3YTtgPASgxga1k6stVXUGsMdmncSEfSe4hNX6KvtBppGj+4zwsmTFXh root@ubuntu-xenial
-----END SSH HOST KEY KEYS-----
[   33.109948] cloud-init[1302]: Cloud-init v. 0.7.8 running 'modules:final' at Wed, 02 Nov 2016 11:48:30 +0000. Up 32.04 seconds.
[   33.164903] cloud-init[1302]: ci-info: no authorized ssh keys fingerprints found for user ubuntu.
[[   33.248666] cloud-init[1302]: Cloud-init v. 0.7.8 finished at Wed, 02 Nov 2016 11:48:31 +0000. Datasource DataSourceNoCloud [seed=/dev/sdb][dsmode=net].  Up 33.10 seconds
[0;32m  OK  [0m] Started Execute cloud user/final scripts.
[[0;32m  OK  [0m] Reached target Cloud-init target.

Ubuntu 16.04.1 LTS ubuntu-xenial ttyS0

ubuntu-xenial login: 